-------------------------------------------
Batch: 0
-------------------------------------------
+----+------------+------+-----------+------------+-------------+-----------+----------+--------+
|city|country_code|admin1|temperature|windspeed_ms|winddirection|weathercode|event_time|severity|
+----+------------+------+-----------+------------+-------------+-----------+----------+--------+
+----+------------+------+-----------+------------+-------------+-----------+----------+--------+

-------------------------------------------
Batch: 1
-------------------------------------------
+---------+------------+-------------+-----------+-----------------+-------------+-----------+----------------+--------+
|city     |country_code|admin1       |temperature|windspeed_ms     |winddirection|weathercode|event_time      |severity|
+---------+------------+-------------+-----------+-----------------+-------------+-----------+----------------+--------+
|Paris, FR|FR          |Île-de-France|14.6       |4.694444444444444|27.0         |3          |2025-09-23T12:45|OK      |
+---------+------------+-------------+-----------+-----------------+-------------+-----------+----------------+--------+

-------------------------------------------
Batch: 2
-------------------------------------------
+---------+------------+-------------+-----------+-----------------+-------------+-----------+----------------+--------+
|city     |country_code|admin1       |temperature|windspeed_ms     |winddirection|weathercode|event_time      |severity|
+---------+------------+-------------+-----------+-----------------+-------------+-----------+----------------+--------+
|Paris, FR|FR          |Île-de-France|14.6       |4.694444444444444|27.0         |3          |2025-09-23T12:45|OK      |
|Paris, FR|FR          |Île-de-France|14.6       |4.694444444444444|27.0         |3          |2025-09-23T12:45|OK      |
+---------+------------+-------------+-----------+-----------------+-------------+-----------+----------------+--------+

-------------------------------------------
Batch: 3
-------------------------------------------
+---------+------------+-------------+-----------+-----------------+-------------+-----------+----------------+--------+
|city     |country_code|admin1       |temperature|windspeed_ms     |winddirection|weathercode|event_time      |severity|
+---------+------------+-------------+-----------+-----------------+-------------+-----------+----------------+--------+
|Paris, FR|FR          |Île-de-France|14.6       |4.694444444444444|27.0         |3          |2025-09-23T12:45|OK      |
|Paris, FR|FR          |Île-de-France|14.6       |4.694444444444444|27.0         |3          |2025-09-23T12:45|OK      |
|Paris, FR|FR          |Île-de-France|14.6       |4.694444444444444|27.0         |3          |2025-09-23T12:45|OK      |
+---------+------------+-------------+-----------+-----------------+-------------+-----------+----------------+--------+

-------------------------------------------
Batch: 4
-------------------------------------------
+---------+------------+-------------+-----------+-----------------+-------------+-----------+----------------+--------+
|city     |country_code|admin1       |temperature|windspeed_ms     |winddirection|weathercode|event_time      |severity|
+---------+------------+-------------+-----------+-----------------+-------------+-----------+----------------+--------+
|Paris, FR|FR          |Île-de-France|14.6       |4.694444444444444|27.0         |3          |2025-09-23T12:45|OK      |
|Paris, FR|FR          |Île-de-France|14.6       |4.694444444444444|27.0         |3          |2025-09-23T12:45|OK      |
+---------+------------+-------------+-----------+-----------------+-------------+-----------+----------------+--------+

